// Jest Snapshot v1, https://goo.gl/fbAQLP

exports[`MessageForm render with snapshot 1`] = `
<DocumentFragment>
  <form
    class="message-form"
  >
    <div
      class="MuiInputBase-root MuiInputBase-colorPrimary Mui-focused message-form__input css-1le28he-MuiInputBase-root"
    >
      <input
        class="MuiInputBase-input css-yz9k0d-MuiInputBase-input"
        placeholder="сообщение"
        type="text"
        value=""
      />
    </div>
    <input
      class="message-form__btn --primary"
      data-testid="message-form__btn"
      type="submit"
    />
  </form>
</DocumentFragment>
`;
